Archive member included to satisfy reference by file (symbol)

d:/projects/ac6/systemworkbench/plugins/fr.ac6.mcu.externaltools.arm-none.win32_1.12.0.201611241417/tools/compiler/bin/../lib/gcc/arm-none-eabi/5.4.1/../../../../arm-none-eabi/lib/armv7-m\libc.a(lib_a-exit.o)
                              d:/projects/ac6/systemworkbench/plugins/fr.ac6.mcu.externaltools.arm-none.win32_1.12.0.201611241417/tools/compiler/bin/../lib/gcc/arm-none-eabi/5.4.1/../../../../arm-none-eabi/lib/armv7-m/crt0.o (exit)
d:/projects/ac6/systemworkbench/plugins/fr.ac6.mcu.externaltools.arm-none.win32_1.12.0.201611241417/tools/compiler/bin/../lib/gcc/arm-none-eabi/5.4.1/../../../../arm-none-eabi/lib/armv7-m\libc.a(lib_a-impure.o)
                              d:/projects/ac6/systemworkbench/plugins/fr.ac6.mcu.externaltools.arm-none.win32_1.12.0.201611241417/tools/compiler/bin/../lib/gcc/arm-none-eabi/5.4.1/../../../../arm-none-eabi/lib/armv7-m\libc.a(lib_a-exit.o) (_global_impure_ptr)
d:/projects/ac6/systemworkbench/plugins/fr.ac6.mcu.externaltools.arm-none.win32_1.12.0.201611241417/tools/compiler/bin/../lib/gcc/arm-none-eabi/5.4.1/../../../../arm-none-eabi/lib/armv7-m\libc.a(lib_a-init.o)
                              d:/projects/ac6/systemworkbench/plugins/fr.ac6.mcu.externaltools.arm-none.win32_1.12.0.201611241417/tools/compiler/bin/../lib/gcc/arm-none-eabi/5.4.1/../../../../arm-none-eabi/lib/armv7-m/crt0.o (__libc_init_array)
d:/projects/ac6/systemworkbench/plugins/fr.ac6.mcu.externaltools.arm-none.win32_1.12.0.201611241417/tools/compiler/bin/../lib/gcc/arm-none-eabi/5.4.1/../../../../arm-none-eabi/lib/armv7-m\libc.a(lib_a-memset.o)
                              d:/projects/ac6/systemworkbench/plugins/fr.ac6.mcu.externaltools.arm-none.win32_1.12.0.201611241417/tools/compiler/bin/../lib/gcc/arm-none-eabi/5.4.1/../../../../arm-none-eabi/lib/armv7-m/crt0.o (memset)
d:/projects/ac6/systemworkbench/plugins/fr.ac6.mcu.externaltools.arm-none.win32_1.12.0.201611241417/tools/compiler/bin/../lib/gcc/arm-none-eabi/5.4.1/../../../../arm-none-eabi/lib/armv7-m\libc.a(lib_a-__call_atexit.o)
                              d:/projects/ac6/systemworkbench/plugins/fr.ac6.mcu.externaltools.arm-none.win32_1.12.0.201611241417/tools/compiler/bin/../lib/gcc/arm-none-eabi/5.4.1/../../../../arm-none-eabi/lib/armv7-m\libc.a(lib_a-exit.o) (__call_exitprocs)
d:/projects/ac6/systemworkbench/plugins/fr.ac6.mcu.externaltools.arm-none.win32_1.12.0.201611241417/tools/compiler/bin/../lib/gcc/arm-none-eabi/5.4.1/../../../../arm-none-eabi/lib/armv7-m\libc.a(lib_a-atexit.o)
                              d:/projects/ac6/systemworkbench/plugins/fr.ac6.mcu.externaltools.arm-none.win32_1.12.0.201611241417/tools/compiler/bin/../lib/gcc/arm-none-eabi/5.4.1/../../../../arm-none-eabi/lib/armv7-m\libc.a(lib_a-__call_atexit.o) (atexit)
d:/projects/ac6/systemworkbench/plugins/fr.ac6.mcu.externaltools.arm-none.win32_1.12.0.201611241417/tools/compiler/bin/../lib/gcc/arm-none-eabi/5.4.1/../../../../arm-none-eabi/lib/armv7-m\libc.a(lib_a-fini.o)
                              d:/projects/ac6/systemworkbench/plugins/fr.ac6.mcu.externaltools.arm-none.win32_1.12.0.201611241417/tools/compiler/bin/../lib/gcc/arm-none-eabi/5.4.1/../../../../arm-none-eabi/lib/armv7-m\libc.a(lib_a-__call_atexit.o) (__libc_fini_array)
d:/projects/ac6/systemworkbench/plugins/fr.ac6.mcu.externaltools.arm-none.win32_1.12.0.201611241417/tools/compiler/bin/../lib/gcc/arm-none-eabi/5.4.1/../../../../arm-none-eabi/lib/armv7-m\libc.a(lib_a-__atexit.o)
                              d:/projects/ac6/systemworkbench/plugins/fr.ac6.mcu.externaltools.arm-none.win32_1.12.0.201611241417/tools/compiler/bin/../lib/gcc/arm-none-eabi/5.4.1/../../../../arm-none-eabi/lib/armv7-m\libc.a(lib_a-atexit.o) (__register_exitproc)

Allocating common symbols
Common symbol       size              file

hUsbDeviceFS        0x224             ..\obj\usb_device.o
pFlash              0x20              ..\obj\stm32f1xx_hal_flash.o
hsram1              0x44              ..\obj\main.o
hrtc                0x14              ..\obj\main.o
htim6               0x3c              ..\obj\main.o
hpcd_USB_FS         0x420             ..\obj\usbd_conf.o
USBD_StrDesc        0x200             ..\obj\usbd_desc.o

Discarded input sections

 .text          0x00000000        0x0 d:/projects/ac6/systemworkbench/plugins/fr.ac6.mcu.externaltools.arm-none.win32_1.12.0.201611241417/tools/compiler/bin/../lib/gcc/arm-none-eabi/5.4.1/armv7-m/crti.o
 .data          0x00000000        0x0 d:/projects/ac6/systemworkbench/plugins/fr.ac6.mcu.externaltools.arm-none.win32_1.12.0.201611241417/tools/compiler/bin/../lib/gcc/arm-none-eabi/5.4.1/armv7-m/crti.o
 .bss           0x00000000        0x0 d:/projects/ac6/systemworkbench/plugins/fr.ac6.mcu.externaltools.arm-none.win32_1.12.0.201611241417/tools/compiler/bin/../lib/gcc/arm-none-eabi/5.4.1/armv7-m/crti.o
[...]
Memory Configuration

Name             Origin             Length             Attributes
RAM              0x20000000         0x00010000         xrw
FLASH            0x08000000         0x00080000         xr
*default*        0x00000000         0xffffffff

Linker script and memory map

LOAD d:/projects/ac6/systemworkbench/plugins/fr.ac6.mcu.externaltools.arm-none.win32_1.12.0.201611241417/tools/compiler/bin/../lib/gcc/arm-none-eabi/5.4.1/armv7-m/crti.o
LOAD d:/projects/ac6/systemworkbench/plugins/fr.ac6.mcu.externaltools.arm-none.win32_1.12.0.201611241417/tools/compiler/bin/../lib/gcc/arm-none-eabi/5.4.1/armv7-m/crtbegin.o
LOAD d:/projects/ac6/systemworkbench/plugins/fr.ac6.mcu.externaltools.arm-none.win32_1.12.0.201611241417/tools/compiler/bin/../lib/gcc/arm-none-eabi/5.4.1/../../../../arm-none-eabi/lib/armv7-m/crt0.o
                0x20010000                _estack = 0x20010000
                0x00000200                _Min_Heap_Size = 0x200
                0x00000400                _Min_Stack_Size = 0x400

.isr_vector     0x08000000      0x1e4
                0x08000000                . = ALIGN (0x4)
 *(.isr_vector)
 .isr_vector    0x08000000      0x1e4 ..\obj\startup_stm32f103xe.o
                0x08000000                g_pfnVectors
                0x080001e4                . = ALIGN (0x4)

.text           0x080001e4    0x11210
                0x080001e4                . = ALIGN (0x4)
 *(.text)
 .text          0x080001e4       0x5c d:/projects/ac6/systemworkbench/plugins/fr.ac6.mcu.externaltools.arm-none.win32_1.12.0.201611241417/tools/compiler/bin/../lib/gcc/arm-none-eabi/5.4.1/armv7-m/crtbegin.o
 .text          0x08000240      0x168 ..\obj\event_queue.o
                0x08000240                EQ_RegisterErrorCalback
                0x0800025c                EQ_PutEvent
                0x080002d0                EQ_PutEventParam
                0x08000340                EQ_GetEvent
 .text          0x080003a8      0x51c ..\obj\stm32f1xx_hal_cortex.o
                0x08000714                HAL_NVIC_SetPriorityGrouping
                0x0800072c                HAL_NVIC_SetPriority
                0x08000764                HAL_NVIC_EnableIRQ
                0x08000780                HAL_NVIC_DisableIRQ
                0x0800079c                HAL_NVIC_SystemReset
                0x080007a8                HAL_SYSTICK_Config
                0x080007c0                HAL_NVIC_GetPriorityGrouping
                0x080007d0                HAL_NVIC_GetPriority
                0x080007fc                HAL_NVIC_SetPendingIRQ
                0x08000818                HAL_NVIC_GetPendingIRQ
                0x08000838                HAL_NVIC_ClearPendingIRQ
                0x08000854                HAL_NVIC_GetActive
                0x08000874                HAL_SYSTICK_CLKSourceConfig
                0x080008ac                HAL_SYSTICK_IRQHandler
                0x080008b8                HAL_SYSTICK_Callback
 .text          0x080008c4     0x147c ..\obj\stm32f1xx_hal_tim_ex.o
                0x080008c4                HAL_TIMEx_HallSensor_Init
                0x080009f0                HAL_TIMEx_HallSensor_DeInit
                0x08000a50                HAL_TIMEx_HallSensor_MspInit
                0x08000a64                HAL_TIMEx_HallSensor_MspDeInit
                0x08000a78                HAL_TIMEx_HallSensor_Start
                0x08000aa8                HAL_TIMEx_HallSensor_Stop
                0x08000af8                HAL_TIMEx_HallSensor_Start_IT
                0x08000b38                HAL_TIMEx_HallSensor_Stop_IT
                0x08000b98                HAL_TIMEx_HallSensor_Start_DMA
                0x08000c40                HAL_TIMEx_HallSensor_Stop_DMA
                0x08000ca0                HAL_TIMEx_OCN_Start
                0x08000ce4                HAL_TIMEx_OCN_Stop
                0x08000d68                HAL_TIMEx_OCN_Start_IT
                0x08000e48                HAL_TIMEx_OCN_Stop_IT
                0x08000f80                HAL_TIMEx_OCN_Start_DMA
                0x08001120                HAL_TIMEx_OCN_Stop_DMA
                0x08001238                HAL_TIMEx_PWMN_Start
                0x0800127c                HAL_TIMEx_PWMN_Stop
                0x08001300                HAL_TIMEx_PWMN_Start_IT
                0x080013e0                HAL_TIMEx_PWMN_Stop_IT
                0x08001518                HAL_TIMEx_PWMN_Start_DMA
                0x080016b8                HAL_TIMEx_PWMN_Stop_DMA
                0x080017d0                HAL_TIMEx_OnePulseN_Start
                0x08001804                HAL_TIMEx_OnePulseN_Stop
                0x08001888                HAL_TIMEx_OnePulseN_Start_IT
                0x080018dc                HAL_TIMEx_OnePulseN_Stop_IT
                0x08001980                HAL_TIMEx_ConfigCommutationEvent
                0x08001a20                HAL_TIMEx_ConfigCommutationEvent_IT
                0x08001ad0                HAL_TIMEx_ConfigCommutationEvent_DMA
                0x08001b98                HAL_TIMEx_ConfigBreakDeadTime
                0x08001c0c                HAL_TIMEx_MasterConfigSynchronization
                0x08001c94                HAL_TIMEx_CommutationCallback
                0x08001ca8                HAL_TIMEx_BreakCallback
                0x08001cbc                TIMEx_DMACommutationCplt
                0x08001ce0                HAL_TIMEx_HallSensor_GetState
 .text          0x08001d40      0x48c ..\obj\stm32f1xx_hal_rcc_ex.o
                0x08001d40                HAL_RCCEx_PeriphCLKConfig
                0x08001f2c                HAL_RCCEx_GetPeriphCLKConfig
                0x08001fb0                HAL_RCCEx_GetPeriphCLKFreq
 .text          0x080021cc      0x248 ..\obj\stm32f1xx_hal.o
                0x080021cc                HAL_Init
                0x080021f8                HAL_DeInit
                0x08002234                HAL_MspDeInit
                0x08002240                HAL_InitTick
                0x08002278                HAL_IncTick
                0x08002294                HAL_GetTick
                0x080022a8                HAL_Delay
                0x080022d4                HAL_SuspendTick
                0x080022f0                HAL_ResumeTick
                0x0800230c                HAL_GetHalVersion
                0x08002320                HAL_GetREVID
                0x08002354                HAL_GetDEVID
                0x0800236c                HAL_DBGMCU_EnableDBGSleepMode
                0x08002388                HAL_DBGMCU_DisableDBGSleepMode
                0x080023a4                HAL_DBGMCU_EnableDBGStopMode
                0x080023c0                HAL_DBGMCU_DisableDBGStopMode
                0x080023dc                HAL_DBGMCU_EnableDBGStandbyMode
                0x080023f8                HAL_DBGMCU_DisableDBGStandbyMode
 .text          0x08002414      0x140 ..\obj\system_stm32f1xx.o
                0x08002414                SystemInit
                0x0800247c                SystemCoreClockUpdate
 .text          0x08002554       0xc4 ..\obj\usbd_storage_if.o
 .text          0x08002618      0x3b4 ..\obj\main.o
                0x08002618                main
                0x080026dc                SystemClock_Config
                0x080029c4                Error_Handler
 .text          0x080029cc      0x578 ..\obj\stm32f1xx_hal_sram.o
                0x080029cc                HAL_SRAM_Init
                0x08002a54                HAL_SRAM_DeInit
                0x08002ab8                HAL_SRAM_DMA_XferCpltCallback
                0x08002acc                HAL_SRAM_DMA_XferErrorCallback
                0x08002ae0                HAL_SRAM_Read_8b
                0x08002b50                HAL_SRAM_Write_8b
                0x08002bd0                HAL_SRAM_Read_16b
                0x08002c40                HAL_SRAM_Write_16b
                0x08002cc0                HAL_SRAM_Read_32b
                0x08002d2c                HAL_SRAM_Write_32b
                0x08002da8                HAL_SRAM_Read_DMA
                0x08002e14                HAL_SRAM_Write_DMA
                0x08002e90                HAL_SRAM_WriteOperation_Enable
                0x08002ed8                HAL_SRAM_WriteOperation_Disable
                0x08002f28                HAL_SRAM_GetState
 .text          0x08002f44     0x1180 ..\obj\stm32f1xx_hal_rtc.o
                0x08002f44                HAL_RTC_Init
                0x08003070                HAL_RTC_DeInit
                0x0800314c                HAL_RTC_SetTime
                0x0800327c                HAL_RTC_GetTime
                0x0800342c                HAL_RTC_SetDate
                0x08003598                HAL_RTC_GetDate
                0x08003640                HAL_RTC_SetAlarm
                0x08003774                HAL_RTC_SetAlarm_IT
                0x080038dc                HAL_RTC_GetAlarm
                0x080039c8                HAL_RTC_DeactivateAlarm
                0x08003a80                HAL_RTC_AlarmIRQHandler
                0x08003ad0                HAL_RTC_AlarmAEventCallback
                0x08003ae4                HAL_RTC_PollForAlarmAEvent
                0x08003b50                HAL_RTC_GetState
                0x08003b68                HAL_RTC_WaitForSynchro
 .text          0x080040c4     0x1db4 ..\obj\stm32f1xx_hal_dma.o
                0x080040c4                HAL_DMA_Init
                0x08004158                HAL_DMA_DeInit
                0x08004704                HAL_DMA_Start
                0x08004768                HAL_DMA_Start_IT
                0x080047fc                HAL_DMA_Abort
                0x08004878                HAL_DMA_PollForTransfer
                0x08005238                HAL_DMA_IRQHandler
                0x08005dfc                HAL_DMA_GetState
                0x08005e14                HAL_DMA_GetError
 .text          0x08005e78      0x598 ..\obj\stm32f1xx_hal_gpio.o
                0x08005e78                HAL_GPIO_Init
                0x08006154                HAL_GPIO_DeInit
                0x080062f8                HAL_GPIO_ReadPin
                0x08006328                HAL_GPIO_WritePin
                0x08006358                HAL_GPIO_TogglePin
                0x0800637c                HAL_GPIO_LockPin
                0x080063cc                HAL_GPIO_EXTI_IRQHandler
                0x080063fc                HAL_GPIO_EXTI_Callback
 .text          0x08006410      0x160 ..\obj\usbd_desc.o
                0x08006410                USBD_FS_DeviceDescriptor
                0x08006434                USBD_FS_LangIDStrDescriptor
                0x08006458                USBD_FS_ProductStrDescriptor
                0x08006494                USBD_FS_ManufacturerStrDescriptor
                0x080064bc                USBD_FS_SerialStrDescriptor
                0x080064f8                USBD_FS_ConfigStrDescriptor
                0x08006534                USBD_FS_InterfaceStrDescriptor
 .text          0x08006570      0x228 ..\obj\timer.o
                0x08006570                getTimerByNumber
                0x080065ac                TIMER_Tick
                0x08006654                TIMER_Task
                0x080066f4                TIMER_Start
                0x0800672c                TIMER_StartAuto
                0x08006768                TIMER_Stop
 .text          0x08006798     0x1138 ..\obj\stm32f1xx_hal_pcd.o
                0x08006798                HAL_PCD_Init
                0x0800694c                HAL_PCD_DeInit
                0x080069ac                HAL_PCD_Start
                0x080069f8                HAL_PCD_Stop
                0x08006a48                HAL_PCD_IRQHandler
                0x08006d24                HAL_PCD_DevConnect
                0x08006d68                HAL_PCD_DevDisconnect
                0x08006dac                HAL_PCD_SetAddress
                0x08006df8                HAL_PCD_EP_Open
                0x08006ea4                HAL_PCD_EP_Close
                0x08006f30                HAL_PCD_EP_Receive
                0x08006fc8                HAL_PCD_EP_GetRxCount
                0x08006ff4                HAL_PCD_EP_Transmit
                0x08007088                HAL_PCD_EP_SetStall
                0x08007134                HAL_PCD_EP_ClrStall
                0x080071c4                HAL_PCD_EP_Flush
                0x08007220                HAL_PCD_ActivateRemoteWakeup
                0x0800723c                HAL_PCD_DeActivateRemoteWakeup
                0x08007258                HAL_PCD_GetState
 .text          0x080078d0       0xa0 ..\obj\stm32f1xx_it.o
                0x080078d0                NMI_Handler
                0x080078dc                HardFault_Handler
                0x080078e4                MemManage_Handler
                0x080078ec                BusFault_Handler
                0x080078f4                UsageFault_Handler
                0x080078fc                SVC_Handler
                0x08007908                DebugMon_Handler
                0x08007914                PendSV_Handler
                0x08007920                SysTick_Handler
                0x08007930                USB_HP_CAN1_TX_IRQHandler
                0x08007944                USB_LP_CAN1_RX0_IRQHandler
                0x08007958                TIM6_IRQHandler
 .text          0x08007970      0x86c ..\obj\usbd_conf.o
                0x08007970                HAL_PCD_MspInit
                0x080079cc                HAL_PCD_MspDeInit
                0x08007a08                HAL_PCD_SetupStageCallback
                0x08007a2c                HAL_PCD_DataOutStageCallback
                0x08007a5c                HAL_PCD_DataInStageCallback
                0x08007a8c                HAL_PCD_SOFCallback
                0x08007aa8                HAL_PCD_ResetCallback
                0x08007aec                HAL_PCD_SuspendCallback
                0x08007b20                HAL_PCD_ResumeCallback
                0x08007b3c                HAL_PCD_ISOOUTIncompleteCallback
                0x08007b60                HAL_PCD_ISOINIncompleteCallback
                0x08007b84                HAL_PCD_ConnectCallback
                0x08007ba0                HAL_PCD_DisconnectCallback
                0x08007bbc                USBD_LL_Init
                0x08007c60                USBD_LL_DeInit
                0x08007cc4                USBD_LL_Start
                0x08007d28                USBD_LL_Stop
                0x08007d8c                USBD_LL_OpenEP
                0x08007e08                USBD_LL_CloseEP
                0x08007e74                USBD_LL_FlushEP
                0x08007ee0                USBD_LL_StallEP
                0x08007f4c                USBD_LL_ClearStallEP
                0x08007fb8                USBD_LL_IsStallEP
                0x08008004                USBD_LL_SetUSBAddress
                0x08008070                USBD_LL_Transmit
                0x080080e4                USBD_LL_PrepareReceive
                0x08008158                USBD_LL_GetRxDataSize
                0x08008180                USBD_LL_Delay
                0x08008198                USBD_static_malloc
                0x080081b0                USBD_static_free
                0x080081c4                HAL_PCDEx_SetConnectionState
 .text          0x080081dc      0x130 ..\obj\usbd_ioreq.o
                0x080081dc                USBD_CtlSendData
                0x08008214                USBD_CtlContinueSendData
                0x08008238                USBD_CtlPrepareRx
                0x08008274                USBD_CtlContinueRx
                0x08008298                USBD_CtlSendStatus
                0x080082c0                USBD_CtlReceiveStatus
                0x080082e8                USBD_GetRxCount
 .text          0x0800830c       0x38 ..\obj\usb_device.o
                0x0800830c                MX_USB_DEVICE_Init
 .text          0x08008344      0x8c0 ..\obj\usbd_ctlreq.o
                0x08008344                USBD_StdDevReq
                0x080083e4                USBD_StdItfReq
                0x0800844c                USBD_StdEPReq
                0x08008ab0                USBD_ParseSetupRequest
                0x08008b28                USBD_CtlError
                0x08008b4c                USBD_GetString
 .text          0x08008c04      0x564 ..\obj\usbd_core.o
                0x08008c04                USBD_Init
                0x08008c5c                USBD_DeInit
                0x08008c98                USBD_RegisterClass
                0x08008ccc                USBD_Start
                0x08008ce4                USBD_Stop
                0x08008d10                USBD_RunTestMode
                0x08008d24                USBD_SetClassConfig
                0x08008d64                USBD_ClrClassConfig
                0x08008d8c                USBD_LL_SetupStage
                0x08008e20                USBD_LL_DataOutStage
                0x08008ed8                USBD_LL_DataInStage
                0x08008ff8                USBD_LL_Reset
                0x08009058                USBD_LL_SetSpeed
                0x08009078                USBD_LL_Suspend
                0x080090a0                USBD_LL_Resume
                0x080090c0                USBD_LL_SOF
                0x080090f4                USBD_LL_IsoINIncomplete
                0x0800910c                USBD_LL_IsoOUTIncomplete
                0x08009124                USBD_LL_DevConnected
                0x08009138                USBD_LL_DevDisconnected
 .text          0x08009168       0x94 ..\obj\stm32f1xx_hal_pcd_ex.o
                0x08009168                HAL_PCDEx_PMAConfig
 .text          0x080091fc     0x134c ..\obj\stm32f1xx_ll_usb.o
                0x080091fc                USB_CoreInit
                0x0800921c                USB_EnableGlobalInt
                0x08009250                USB_DisableGlobalInt
                0x08009288                USB_SetCurrentMode
                0x080092a0                USB_DevInit
                0x080092e0                USB_FlushTxFifo
                0x080092f8                USB_FlushRxFifo
                0x0800930c                USB_ActivateEndpoint
                0x0800989c                USB_DeactivateEndpoint
                0x08009bac                USB_EPStartXfer
                0x0800a0c8                USB_WritePacket
                0x0800a0ec                USB_ReadPacket
                0x0800a108                USB_EPSetStall
                0x0800a1c8                USB_EPClearStall
                0x0800a2dc                USB_StopDevice
                0x0800a308                USB_SetDevAddress
                0x0800a330                USB_DevConnect
                0x0800a344                USB_DevDisconnect
                0x0800a358                USB_ReadInterrupts
                0x0800a37c                USB_ReadDevAllOutEpInterrupt
                0x0800a390                USB_ReadDevAllInEpInterrupt
                0x0800a3a4                USB_ReadDevOutEPInterrupt
                0x0800a3bc                USB_ReadDevInEPInterrupt
                0x0800a3d4                USB_ClearInterrupts
                0x0800a3e8                USB_EP0_OutStart
                0x0800a400                USB_ActivateRemoteWakeup
                0x0800a428                USB_DeActivateRemoteWakeup
                0x0800a450                USB_WritePMA
                0x0800a4dc                USB_ReadPMA
 .text          0x0800a548      0x2b0 ..\obj\stm32f1xx_hal_msp.o
                0x0800a548                HAL_MspInit
                0x0800a5e0                HAL_RTC_MspInit
                0x0800a644                HAL_RTC_MspDeInit
                0x0800a68c                HAL_TIM_Base_MspInit
                0x0800a6d8                HAL_TIM_Base_MspDeInit
                0x0800a788                HAL_SRAM_MspInit
                0x0800a7e4                HAL_SRAM_MspDeInit
 .text          0x0800a7f8      0x9a4 ..\obj\stm32f1xx_ll_fsmc.o
                0x0800a7f8                FSMC_NORSRAM_Init
                0x0800a8f8                FSMC_NORSRAM_DeInit
                0x0800a960                FSMC_NORSRAM_Timing_Init
                0x0800aa34                FSMC_NORSRAM_Extended_Timing_Init
                0x0800aae4                FSMC_NORSRAM_WriteOperation_Enable
                0x0800ab10                FSMC_NORSRAM_WriteOperation_Disable
                0x0800ab3c                FSMC_NAND_Init
                0x0800ac28                FSMC_NAND_CommonSpace_Timing_Init
                0x0800ad14                FSMC_NAND_AttributeSpace_Timing_Init
                0x0800ae00                FSMC_NAND_DeInit
                0x0800ae78                FSMC_NAND_ECC_Enable
                0x0800aeb0                FSMC_NAND_ECC_Disable
                0x0800aee8                FSMC_NAND_GetECC
                0x0800af78                FSMC_PCCARD_Init
                0x0800afe4                FSMC_PCCARD_CommonSpace_Timing_Init
                0x0800b060                FSMC_PCCARD_AttributeSpace_Timing_Init
                0x0800b0dc                FSMC_PCCARD_IOSpace_Timing_Init
                0x0800b158                FSMC_PCCARD_DeInit
 .text          0x0800b19c     0x3e30 ..\obj\stm32f1xx_hal_tim.o
                0x0800b19c                HAL_TIM_Base_Init
                0x0800b1f4                HAL_TIM_Base_DeInit
                0x0800b27c                HAL_TIM_Base_Start
                0x0800b2b0                HAL_TIM_Base_Stop
                0x0800b304                HAL_TIM_Base_Start_IT
                0x0800b338                HAL_TIM_Base_Stop_IT
                0x0800b38c                HAL_TIM_Base_Start_DMA
                0x0800b424                HAL_TIM_Base_Stop_DMA
                0x0800b480                HAL_TIM_OC_Init
                0x0800b4d8                HAL_TIM_OC_DeInit
                0x0800b538                HAL_TIM_OC_MspInit
                0x0800b54c                HAL_TIM_OC_MspDeInit
                0x0800b560                HAL_TIM_OC_Start
                0x0800b5c8                HAL_TIM_OC_Stop
                0x0800b670                HAL_TIM_OC_Start_IT
                0x0800b764                HAL_TIM_OC_Stop_IT
                0x0800b898                HAL_TIM_OC_Start_DMA
                0x0800ba5c                HAL_TIM_OC_Stop_DMA
                0x0800bb98                HAL_TIM_PWM_Init
                0x0800bbf0                HAL_TIM_PWM_DeInit
                0x0800bc50                HAL_TIM_PWM_MspInit
                0x0800bc64                HAL_TIM_PWM_MspDeInit
                0x0800bc78                HAL_TIM_PWM_Start
                0x0800bce0                HAL_TIM_PWM_Stop
                0x0800bd90                HAL_TIM_PWM_Start_IT
                0x0800be84                HAL_TIM_PWM_Stop_IT
                0x0800bfb8                HAL_TIM_PWM_Start_DMA
                0x0800c17c                HAL_TIM_PWM_Stop_DMA
                0x0800c2b8                HAL_TIM_IC_Init
                0x0800c310                HAL_TIM_IC_DeInit
                0x0800c370                HAL_TIM_IC_MspInit
                0x0800c384                HAL_TIM_IC_MspDeInit
                0x0800c398                HAL_TIM_IC_Start
                0x0800c3cc                HAL_TIM_IC_Stop
                0x0800c420                HAL_TIM_IC_Start_IT
                0x0800c4e0                HAL_TIM_IC_Stop_IT
                0x0800c5c0                HAL_TIM_IC_Start_DMA
                0x0800c750                HAL_TIM_IC_Stop_DMA
                0x0800c838                HAL_TIM_OnePulse_Init
                0x0800c8b0                HAL_TIM_OnePulse_DeInit
                0x0800c910                HAL_TIM_OnePulse_MspInit
                0x0800c924                HAL_TIM_OnePulse_MspDeInit
                0x0800c938                HAL_TIM_OnePulse_Start
                0x0800c9a0                HAL_TIM_OnePulse_Stop
                0x0800ca58                HAL_TIM_OnePulse_Start_IT
                0x0800cae0                HAL_TIM_OnePulse_Stop_IT
                0x0800cbb8                HAL_TIM_Encoder_Init
                0x0800cce4                HAL_TIM_Encoder_DeInit
                0x0800cd44                HAL_TIM_Encoder_MspInit
                0x0800cd58                HAL_TIM_Encoder_MspDeInit
                0x0800cd6c                HAL_TIM_Encoder_Start
                0x0800cddc                HAL_TIM_Encoder_Stop
                0x0800ce6c                HAL_TIM_Encoder_Start_IT
                0x0800cf1c                HAL_TIM_Encoder_Stop_IT
                0x0800cff0                HAL_TIM_Encoder_Start_DMA
                0x0800d198                HAL_TIM_Encoder_Stop_DMA
                0x0800d26c                HAL_TIM_IRQHandler
                0x0800d47c                HAL_TIM_OC_ConfigChannel
                0x0800d53c                HAL_TIM_IC_ConfigChannel
                0x0800d674                HAL_TIM_PWM_ConfigChannel
                0x0800d800                HAL_TIM_OnePulse_ConfigChannel
                0x0800d980                HAL_TIM_DMABurst_WriteStart
                0x0800db64                HAL_TIM_DMABurst_WriteStop
                0x0800dc14                HAL_TIM_DMABurst_ReadStart
                0x0800ddf8                HAL_TIM_DMABurst_ReadStop
                0x0800dea8                HAL_TIM_GenerateEvent
                0x0800def4                HAL_TIM_ConfigOCrefClear
                0x0800e07c                HAL_TIM_ConfigClockSource
                0x0800e234                HAL_TIM_ConfigTI1Input
                0x0800e270                HAL_TIM_SlaveConfigSynchronization
                0x0800e2dc                HAL_TIM_SlaveConfigSynchronization_IT
                0x0800e348                HAL_TIM_ReadCapturedValue
                0x0800e3ec                HAL_TIM_PeriodElapsedCallback
                0x0800e400                HAL_TIM_OC_DelayElapsedCallback
                0x0800e414                HAL_TIM_IC_CaptureCallback
                0x0800e428                HAL_TIM_PWM_PulseFinishedCallback
                0x0800e43c                HAL_TIM_TriggerCallback
                0x0800e450                HAL_TIM_ErrorCallback
                0x0800e464                HAL_TIM_Base_GetState
                0x0800e480                HAL_TIM_OC_GetState
                0x0800e49c                HAL_TIM_PWM_GetState
                0x0800e4b8                HAL_TIM_IC_GetState
                0x0800e4d4                HAL_TIM_OnePulse_GetState
                0x0800e4f0                HAL_TIM_Encoder_GetState
                0x0800e50c                TIM_DMAError
                0x0800e530                TIM_DMADelayPulseCplt
                0x0800e5a0                TIM_DMACaptureCplt
                0x0800e658                TIM_Base_SetConfig
                0x0800e830                TIM_OC2_SetConfig
                0x0800ebe4                TIM_TI1_SetConfig
                0x0800ef88                TIM_CCxChannelCmd
 .text          0x0800efcc      0x374 ..\obj\lcd.o
                0x0800efcc                LCDHardwareReset
                0x0800eff8                LCDSetBounds
                0x0800f078                LCDOn
                0x0800f098                LCDOff
                0x0800f0b8                LCDClear
                0x0800f100                LCDUaFlag
                0x0800f160                LCDInit
 .text          0x0800f340      0x3a0 ..\obj\stm32f1xx_hal_pwr.o
                0x0800f350                HAL_PWR_DeInit
                0x0800f378                HAL_PWR_EnableBkUpAccess
                0x0800f3ac                HAL_PWR_DisableBkUpAccess
                0x0800f3e0                HAL_PWR_ConfigPVD
                0x0800f49c                HAL_PWR_EnablePVD
                0x0800f4d0                HAL_PWR_DisablePVD
                0x0800f504                HAL_PWR_EnableWakeUpPin
                0x0800f53c                HAL_PWR_DisableWakeUpPin
                0x0800f574                HAL_PWR_EnterSLEEPMode
                0x0800f5ac                HAL_PWR_EnterSTOPMode
                0x0800f610                HAL_PWR_EnterSTANDBYMode
                0x0800f640                HAL_PWR_EnableSleepOnExit
                0x0800f65c                HAL_PWR_DisableSleepOnExit
                0x0800f678                HAL_PWR_EnableSEVOnPend
                0x0800f694                HAL_PWR_DisableSEVOnPend
                0x0800f6b0                HAL_PWR_PVD_IRQHandler
                0x0800f6d4                HAL_PWR_PVDCallback
 .text          0x0800f6e0      0x498 ..\obj\usbd_msc.o
                0x0800f6e0                USBD_MSC_Init
                0x0800f790                USBD_MSC_DeInit
                0x0800f7e4                USBD_MSC_Setup
                0x0800f95c                USBD_MSC_DataIn
                0x0800f9b8                USBD_MSC_DataOut
                0x0800fad4                USBD_MSC_GetHSCfgDesc
                0x0800faf4                USBD_MSC_GetFSCfgDesc
                0x0800fb14                USBD_MSC_GetOtherSpeedCfgDesc
                0x0800fb34                USBD_MSC_GetDeviceQualifierDescriptor
                0x0800fb54                USBD_MSC_RegisterStorage
 .text          0x0800fb78     0x1640 ..\obj\stm32f1xx_hal_rcc.o
                0x0800fb78                HAL_RCC_DeInit
                0x0800fbf4                HAL_RCC_OscConfig
                0x08010a34                HAL_RCC_ClockConfig
                0x08010dac                HAL_RCC_MCOConfig
                0x08010e1c                HAL_RCC_EnableCSS
                0x08010e50                HAL_RCC_DisableCSS
                0x08010e84                HAL_RCC_GetSysClockFreq
                0x08010f78                HAL_RCC_GetHCLKFreq
                0x08010f8c                HAL_RCC_GetPCLK1Freq
                0x08010fd0                HAL_RCC_GetPCLK2Freq
                0x08011014                HAL_RCC_GetOscConfig
                0x08011124                HAL_RCC_GetClockConfig
                0x08011184                HAL_RCC_NMI_IRQHandler
                0x080111ac                HAL_RCC_CSSCallback
 *(.text*)
 .text.__libc_init_array
                0x080111b8       0x50 d:/projects/ac6/systemworkbench/plugins/fr.ac6.mcu.externaltools.arm-none.win32_1.12.0.201611241417/tools/compiler/bin/../lib/gcc/arm-none-eabi/5.4.1/../../../../arm-none-eabi/lib/armv7-m\libc.a(lib_a-init.o)
                0x080111b8                __libc_init_array
 .text.memset   0x08011208       0x9c d:/projects/ac6/systemworkbench/plugins/fr.ac6.mcu.externaltools.arm-none.win32_1.12.0.201611241417/tools/compiler/bin/../lib/gcc/arm-none-eabi/5.4.1/../../../../arm-none-eabi/lib/armv7-m\libc.a(lib_a-memset.o)
                0x08011208                memset
 .text.startup.register_fini
                0x080112a4       0x14 d:/projects/ac6/systemworkbench/plugins/fr.ac6.mcu.externaltools.arm-none.win32_1.12.0.201611241417/tools/compiler/bin/../lib/gcc/arm-none-eabi/5.4.1/../../../../arm-none-eabi/lib/armv7-m\libc.a(lib_a-__call_atexit.o)
 .text.atexit   0x080112b8        0xc d:/projects/ac6/systemworkbench/plugins/fr.ac6.mcu.externaltools.arm-none.win32_1.12.0.201611241417/tools/compiler/bin/../lib/gcc/arm-none-eabi/5.4.1/../../../../arm-none-eabi/lib/armv7-m\libc.a(lib_a-atexit.o)
                0x080112b8                atexit
 .text.__libc_fini_array
                0x080112c4       0x28 d:/projects/ac6/systemworkbench/plugins/fr.ac6.mcu.externaltools.arm-none.win32_1.12.0.201611241417/tools/compiler/bin/../lib/gcc/arm-none-eabi/5.4.1/../../../../arm-none-eabi/lib/armv7-m\libc.a(lib_a-fini.o)
                0x080112c4                __libc_fini_array
 .text.__register_exitproc
                0x080112ec       0xa4 d:/projects/ac6/systemworkbench/plugins/fr.ac6.mcu.externaltools.arm-none.win32_1.12.0.201611241417/tools/compiler/bin/../lib/gcc/arm-none-eabi/5.4.1/../../../../arm-none-eabi/lib/armv7-m\libc.a(lib_a-__atexit.o)
                0x080112ec                __register_exitproc
 .text.Reset_Handler
                0x08011390       0x48 ..\obj\startup_stm32f103xe.o
                0x08011390                Reset_Handler
 .text.Default_Handler
                0x080113d8        0x2 ..\obj\startup_stm32f103xe.o
                0x080113d8                RTC_Alarm_IRQHandler
                0x080113d8                EXTI2_IRQHandler
                0x080113d8                TIM8_TRG_COM_IRQHandler
                0x080113d8                TIM8_CC_IRQHandler
                0x080113d8                TIM1_CC_IRQHandler
                0x080113d8                PVD_IRQHandler
                0x080113d8                SDIO_IRQHandler
                0x080113d8                EXTI3_IRQHandler
                0x080113d8                EXTI0_IRQHandler
                0x080113d8                I2C2_EV_IRQHandler
                0x080113d8                ADC1_2_IRQHandler
                0x080113d8                SPI1_IRQHandler
                0x080113d8                TAMPER_IRQHandler
                0x080113d8                TIM8_UP_IRQHandler
                0x080113d8                DMA2_Channel2_IRQHandler
                0x080113d8                DMA1_Channel4_IRQHandler
                0x080113d8                USART3_IRQHandler
                0x080113d8                RTC_IRQHandler
                0x080113d8                DMA1_Channel7_IRQHandler
                0x080113d8                CAN1_RX1_IRQHandler
                0x080113d8                UART5_IRQHandler
                0x080113d8                ADC3_IRQHandler
                0x080113d8                TIM4_IRQHandler
                0x080113d8                DMA2_Channel1_IRQHandler
                0x080113d8                I2C1_EV_IRQHandler
                0x080113d8                DMA1_Channel6_IRQHandler
                0x080113d8                UART4_IRQHandler
                0x080113d8                TIM3_IRQHandler
                0x080113d8                RCC_IRQHandler
                0x080113d8                TIM1_TRG_COM_IRQHandler
                0x080113d8                DMA1_Channel1_IRQHandler
                0x080113d8                Default_Handler
                0x080113d8                EXTI15_10_IRQHandler
                0x080113d8                TIM7_IRQHandler
                0x080113d8                TIM5_IRQHandler
                0x080113d8                EXTI9_5_IRQHandler
                0x080113d8                SPI2_IRQHandler
                0x080113d8                DMA1_Channel5_IRQHandler
                0x080113d8                EXTI4_IRQHandler
                0x080113d8                DMA1_Channel3_IRQHandler
                0x080113d8                FSMC_IRQHandler
                0x080113d8                TIM1_UP_IRQHandler
                0x080113d8                WWDG_IRQHandler
                0x080113d8                TIM2_IRQHandler
                0x080113d8                TIM1_BRK_IRQHandler
                0x080113d8                EXTI1_IRQHandler
                0x080113d8                DMA2_Channel4_5_IRQHandler
                0x080113d8                USART2_IRQHandler
                0x080113d8                I2C2_ER_IRQHandler
                0x080113d8                DMA1_Channel2_IRQHandler
                0x080113d8                TIM8_BRK_IRQHandler
                0x080113d8                CAN1_SCE_IRQHandler
                0x080113d8                FLASH_IRQHandler
                0x080113d8                USART1_IRQHandler
                0x080113d8                SPI3_IRQHandler
                0x080113d8                I2C1_ER_IRQHandler
                0x080113d8                USBWakeUp_IRQHandler
                0x080113d8                DMA2_Channel3_IRQHandler
 *(.glue_7)
 .glue_7        0x080113da        0x0 linker stubs
 *(.glue_7t)
 .glue_7t       0x080113da        0x0 linker stubs
 *(.eh_frame)
 *fill*         0x080113da        0x2 
 .eh_frame      0x080113dc        0x0 d:/projects/ac6/systemworkbench/plugins/fr.ac6.mcu.externaltools.arm-none.win32_1.12.0.201611241417/tools/compiler/bin/../lib/gcc/arm-none-eabi/5.4.1/armv7-m/crtbegin.o
 *(.init)
 .init          0x080113dc        0x4 d:/projects/ac6/systemworkbench/plugins/fr.ac6.mcu.externaltools.arm-none.win32_1.12.0.201611241417/tools/compiler/bin/../lib/gcc/arm-none-eabi/5.4.1/armv7-m/crti.o
                0x080113dc                _init
 .init          0x080113e0        0x8 d:/projects/ac6/systemworkbench/plugins/fr.ac6.mcu.externaltools.arm-none.win32_1.12.0.201611241417/tools/compiler/bin/../lib/gcc/arm-none-eabi/5.4.1/armv7-m/crtn.o
 *(.fini)
 .fini          0x080113e8        0x4 d:/projects/ac6/systemworkbench/plugins/fr.ac6.mcu.externaltools.arm-none.win32_1.12.0.201611241417/tools/compiler/bin/../lib/gcc/arm-none-eabi/5.4.1/armv7-m/crti.o
                0x080113e8                _fini
 .fini          0x080113ec        0x8 d:/projects/ac6/systemworkbench/plugins/fr.ac6.mcu.externaltools.arm-none.win32_1.12.0.201611241417/tools/compiler/bin/../lib/gcc/arm-none-eabi/5.4.1/armv7-m/crtn.o
                0x080113f4                . = ALIGN (0x4)
                0x080113f4                _etext = .

.vfp11_veneer   0x080113f4        0x0
 .vfp11_veneer  0x080113f4        0x0 linker stubs

.v4_bx          0x080113f4        0x0
 .v4_bx         0x080113f4        0x0 linker stubs

.iplt           0x080113f4        0x0
 .iplt          0x080113f4        0x0 d:/projects/ac6/systemworkbench/plugins/fr.ac6.mcu.externaltools.arm-none.win32_1.12.0.201611241417/tools/compiler/bin/../lib/gcc/arm-none-eabi/5.4.1/armv7-m/crtbegin.o

.rodata         0x080113f4       0xc8
                0x080113f4                . = ALIGN (0x4)
 *(.rodata)
 .rodata        0x080113f4       0x12 ..\obj\stm32f1xx_hal_rcc_ex.o
 *fill*         0x08011406        0x2 
 .rodata        0x08011408       0x18 ..\obj\system_stm32f1xx.o
                0x08011408                AHBPrescTable
                0x08011418                APBPrescTable
 .rodata        0x08011420       0x24 ..\obj\usbd_storage_if.o
                0x08011420                STORAGE_Inquirydata_FS
 .rodata        0x08011444       0x5b ..\obj\usbd_desc.o
 *fill*         0x0801149f        0x1 
 .rodata        0x080114a0       0x12 ..\obj\stm32f1xx_hal_rcc.o
 *(.rodata*)
 *fill*         0x080114b2        0x2 
 .rodata.str1.4
                0x080114b4        0x4 d:/projects/ac6/systemworkbench/plugins/fr.ac6.mcu.externaltools.arm-none.win32_1.12.0.201611241417/tools/compiler/bin/../lib/gcc/arm-none-eabi/5.4.1/../../../../arm-none-eabi/lib/armv7-m\libc.a(lib_a-impure.o)
                                  0x2 (size before relaxing)
 .rodata._global_impure_ptr
                0x080114b8        0x4 d:/projects/ac6/systemworkbench/plugins/fr.ac6.mcu.externaltools.arm-none.win32_1.12.0.201611241417/tools/compiler/bin/../lib/gcc/arm-none-eabi/5.4.1/../../../../arm-none-eabi/lib/armv7-m\libc.a(lib_a-impure.o)
                0x080114b8                _global_impure_ptr
                0x080114bc                . = ALIGN (0x4)

.rel.dyn        0x080114bc        0x0
 .rel.iplt      0x080114bc        0x0 d:/projects/ac6/systemworkbench/plugins/fr.ac6.mcu.externaltools.arm-none.win32_1.12.0.201611241417/tools/compiler/bin/../lib/gcc/arm-none-eabi/5.4.1/armv7-m/crtbegin.o

.ARM.extab
 *(.ARM.extab* .gnu.linkonce.armextab.*)

.ARM            0x080114bc        0x0
                0x080114bc                __exidx_start = .
 *(.ARM.exidx*)
                0x080114bc                __exidx_end = .

.preinit_array  0x080114bc        0x0
                0x080114bc                PROVIDE (__preinit_array_start, .)
 *(.preinit_array*)
                0x080114bc                PROVIDE (__preinit_array_end, .)

.init_array     0x080114bc        0x8
                0x080114bc                PROVIDE (__init_array_start, .)
 *(SORT(.init_array.*))
 .init_array.00000
                0x080114bc        0x4 d:/projects/ac6/systemworkbench/plugins/fr.ac6.mcu.externaltools.arm-none.win32_1.12.0.201611241417/tools/compiler/bin/../lib/gcc/arm-none-eabi/5.4.1/../../../../arm-none-eabi/lib/armv7-m\libc.a(lib_a-__call_atexit.o)
 *(.init_array*)
 .init_array    0x080114c0        0x4 d:/projects/ac6/systemworkbench/plugins/fr.ac6.mcu.externaltools.arm-none.win32_1.12.0.201611241417/tools/compiler/bin/../lib/gcc/arm-none-eabi/5.4.1/armv7-m/crtbegin.o
                0x080114c4                PROVIDE (__init_array_end, .)

.fini_array     0x080114c4        0x4
                0x080114c4                PROVIDE (__fini_array_start, .)
 *(SORT(.fini_array.*))
 *(.fini_array*)
 .fini_array    0x080114c4        0x4 d:/projects/ac6/systemworkbench/plugins/fr.ac6.mcu.externaltools.arm-none.win32_1.12.0.201611241417/tools/compiler/bin/../lib/gcc/arm-none-eabi/5.4.1/armv7-m/crtbegin.o
                0x080114c8                PROVIDE (__fini_array_end, .)
                0x080114c8                _sidata = LOADADDR (.data)

.data           0x20000000      0x528 load address 0x080114c8
                0x20000000                . = ALIGN (0x4)
                0x20000000                _sdata = .
 *(.data)
 .data          0x20000000        0x4 ..\obj\system_stm32f1xx.o
                0x20000000                SystemCoreClock
 .data          0x20000004       0x20 ..\obj\usbd_storage_if.o
                0x20000004                USBD_Storage_Interface_fops_FS
 .data          0x20000024       0x34 ..\obj\usbd_desc.o
                0x20000024                FS_Desc
                0x20000040                USBD_FS_DeviceDesc
                0x20000054                USBD_LangIDDesc
 .data          0x20000058       0xa2 ..\obj\usbd_msc.o
                0x20000058                USBD_MSC
                0x20000090                USBD_MSC_CfgHSDesc
                0x200000b0                USBD_MSC_CfgFSDesc
                0x200000d0                USBD_MSC_OtherSpeedCfgDesc
                0x200000f0                USBD_MSC_DeviceQualifierDesc
 *(.data*)
 *fill*         0x200000fa        0x6 
 .data.impure_data
                0x20000100      0x428 d:/projects/ac6/systemworkbench/plugins/fr.ac6.mcu.externaltools.arm-none.win32_1.12.0.201611241417/tools/compiler/bin/../lib/gcc/arm-none-eabi/5.4.1/../../../../arm-none-eabi/lib/armv7-m\libc.a(lib_a-impure.o)
                0x20000528                . = ALIGN (0x4)
                0x20000528                _edata = .

.jcr            0x20000528        0x0 load address 0x080119f0
 .jcr           0x20000528        0x0 d:/projects/ac6/systemworkbench/plugins/fr.ac6.mcu.externaltools.arm-none.win32_1.12.0.201611241417/tools/compiler/bin/../lib/gcc/arm-none-eabi/5.4.1/armv7-m/crtbegin.o

.igot.plt       0x20000528        0x0 load address 0x080119f0
 .igot.plt      0x20000528        0x0 d:/projects/ac6/systemworkbench/plugins/fr.ac6.mcu.externaltools.arm-none.win32_1.12.0.201611241417/tools/compiler/bin/../lib/gcc/arm-none-eabi/5.4.1/armv7-m/crtbegin.o
                0x20000528                . = ALIGN (0x4)

.bss            0x20000528      0xa9c load address 0x080119f0
                0x20000528                _sbss = .
                0x20000528                __bss_start__ = _sbss
 *(.bss)
 .bss           0x20000528       0x1c d:/projects/ac6/systemworkbench/plugins/fr.ac6.mcu.externaltools.arm-none.win32_1.12.0.201611241417/tools/compiler/bin/../lib/gcc/arm-none-eabi/5.4.1/armv7-m/crtbegin.o
 .bss           0x20000544      0x10c ..\obj\event_queue.o
 .bss           0x20000650        0x4 ..\obj\stm32f1xx_hal.o
 .bss           0x20000654       0x18 ..\obj\timer.o
 .bss           0x2000066c       0x74 ..\obj\usbd_conf.o
 .bss           0x200006e0        0x1 ..\obj\usbd_ctlreq.o
 *fill*         0x200006e1        0x3 
 .bss           0x200006e4        0x8 ..\obj\stm32f1xx_hal_msp.o
 *(.bss*)
 *(COMMON)
 COMMON         0x200006ec       0x94 ..\obj\main.o
                0x200006ec                hsram1
                0x20000730                hrtc
                0x20000744                htim6
 COMMON         0x20000780      0x200 ..\obj\usbd_desc.o
                0x20000780                USBD_StrDesc
 COMMON         0x20000980      0x420 ..\obj\usbd_conf.o
                0x20000980                hpcd_USB_FS
 COMMON         0x20000da0      0x224 ..\obj\usb_device.o
                0x20000da0                hUsbDeviceFS
                0x20000fc4                . = ALIGN (0x4)
                0x20000fc4                _ebss = .
                0x20000fc4                __bss_end__ = _ebss

._user_heap_stack
                0x20000fc4      0x604 load address 0x080119f0
                0x20000fc8                . = ALIGN (0x8)
 *fill*         0x20000fc4        0x4 
                [!provide]                PROVIDE (end, .)
                [!provide]                PROVIDE (_end, .)
                0x200011c8                . = (. + _Min_Heap_Size)
 *fill*         0x20000fc8      0x200 
                0x200015c8                . = (. + _Min_Stack_Size)
 *fill*         0x200011c8      0x400 
                0x200015c8                . = ALIGN (0x8)

/DISCARD/
 libc.a(*)
 libm.a(*)
 libgcc.a(*)

.ARM.attributes
                0x00000000       0x29
 *(.ARM.attributes)
 .ARM.attributes
                0x00000000       0x1d d:/projects/ac6/systemworkbench/plugins/fr.ac6.mcu.externaltools.arm-none.win32_1.12.0.201611241417/tools/compiler/bin/../lib/gcc/arm-none-eabi/5.4.1/armv7-m/crti.o
 .ARM.attributes
                0x0000001d       0x2d d:/projects/ac6/systemworkbench/plugins/fr.ac6.mcu.externaltools.arm-none.win32_1.12.0.201611241417/tools/compiler/bin/../lib/gcc/arm-none-eabi/5.4.1/armv7-m/crtbegin.o
 .ARM.attributes
                0x0000004a       0x33 ..\obj\event_queue.o
 .ARM.attributes
                0x0000007d       0x33 ..\obj\stm32f1xx_hal_cortex.o
 .ARM.attributes
                0x000000b0       0x33 ..\obj\stm32f1xx_hal_tim_ex.o
 .ARM.attributes
                0x000000e3       0x33 ..\obj\stm32f1xx_hal_rcc_ex.o
 .ARM.attributes
                0x00000116       0x21 ..\obj\startup_stm32f103xe.o
 .ARM.attributes
                0x00000137       0x33 ..\obj\stm32f1xx_hal.o
 .ARM.attributes
                0x0000016a       0x33 ..\obj\system_stm32f1xx.o
 .ARM.attributes
                0x0000019d       0x33 ..\obj\usbd_storage_if.o
 .ARM.attributes
                0x000001d0       0x33 ..\obj\main.o
 .ARM.attributes
                0x00000203       0x33 ..\obj\stm32f1xx_hal_sram.o
 .ARM.attributes
                0x00000236       0x33 ..\obj\stm32f1xx_hal_rtc.o
 .ARM.attributes
                0x00000269       0x33 ..\obj\stm32f1xx_hal_dma.o
 .ARM.attributes
                0x0000029c       0x33 ..\obj\stm32f1xx_hal_gpio.o
 .ARM.attributes
                0x000002cf       0x33 ..\obj\usbd_desc.o
 .ARM.attributes
                0x00000302       0x33 ..\obj\timer.o
 .ARM.attributes
                0x00000335       0x33 ..\obj\stm32f1xx_hal_pcd.o
 .ARM.attributes
                0x00000368       0x33 ..\obj\stm32f1xx_it.o
 .ARM.attributes
                0x0000039b       0x33 ..\obj\usbd_conf.o
 .ARM.attributes
                0x000003ce       0x33 ..\obj\usbd_ioreq.o
 .ARM.attributes
                0x00000401       0x33 ..\obj\usb_device.o
 .ARM.attributes
                0x00000434       0x33 ..\obj\usbd_ctlreq.o
 .ARM.attributes
                0x00000467       0x33 ..\obj\usbd_core.o
 .ARM.attributes
                0x0000049a       0x33 ..\obj\stm32f1xx_hal_pcd_ex.o
 .ARM.attributes
                0x000004cd       0x33 ..\obj\stm32f1xx_ll_usb.o
 .ARM.attributes
                0x00000500       0x33 ..\obj\stm32f1xx_hal_msp.o
 .ARM.attributes
                0x00000533       0x33 ..\obj\stm32f1xx_ll_fsmc.o
 .ARM.attributes
                0x00000566       0x33 ..\obj\stm32f1xx_hal_tim.o
 .ARM.attributes
                0x00000599       0x33 ..\obj\lcd.o
 .ARM.attributes
                0x000005cc       0x33 ..\obj\stm32f1xx_hal_pwr.o
 .ARM.attributes
                0x000005ff       0x33 ..\obj\usbd_msc.o
 .ARM.attributes
                0x00000632       0x33 ..\obj\stm32f1xx_hal_rcc.o
 .ARM.attributes
                0x00000665       0x1d d:/projects/ac6/systemworkbench/plugins/fr.ac6.mcu.externaltools.arm-none.win32_1.12.0.201611241417/tools/compiler/bin/../lib/gcc/arm-none-eabi/5.4.1/armv7-m/crtn.o
LOAD ..\obj\event_queue.o
LOAD ..\obj\stm32f1xx_hal_cortex.o
LOAD ..\obj\stm32f1xx_hal_tim_ex.o
LOAD ..\obj\stm32f1xx_hal_rcc_ex.o
LOAD ..\obj\startup_stm32f103xe.o
LOAD ..\obj\stm32f1xx_hal.o
LOAD ..\obj\stm32f1xx_hal_gpio_ex.o
LOAD ..\obj\system_stm32f1xx.o
LOAD ..\obj\usbd_storage_if.o
LOAD ..\obj\main.o
LOAD ..\obj\stm32f1xx_hal_sram.o
LOAD ..\obj\stm32f1xx_hal_rtc.o
LOAD ..\obj\stm32f1xx_hal_dma.o
LOAD ..\obj\stm32f1xx_hal_flash_ex.o
LOAD ..\obj\usbd_msc_data.o
LOAD ..\obj\stm32f1xx_hal_gpio.o
LOAD ..\obj\usbd_desc.o
LOAD ..\obj\stm32f1xx_hal_rtc_ex.o
LOAD ..\obj\timer.o
LOAD ..\obj\stm32f1xx_hal_pcd.o
LOAD ..\obj\stm32f1xx_it.o
LOAD ..\obj\usbd_conf.o
LOAD ..\obj\usbd_ioreq.o
LOAD ..\obj\usb_device.o
LOAD ..\obj\usbd_ctlreq.o
LOAD ..\obj\usbd_core.o
LOAD ..\obj\stm32f1xx_hal_pcd_ex.o
LOAD ..\obj\stm32f1xx_ll_usb.o
LOAD ..\obj\stm32f1xx_hal_msp.o
LOAD ..\obj\stm32f1xx_ll_fsmc.o
LOAD ..\obj\stm32f1xx_hal_flash.o
LOAD ..\obj\stm32f1xx_hal_tim.o
LOAD ..\obj\lcd.o
LOAD ..\obj\stm32f1xx_hal_pwr.o
LOAD ..\obj\usbd_msc.o
LOAD ..\obj\stm32f1xx_hal_rcc.o
START GROUP
LOAD d:/projects/ac6/systemworkbench/plugins/fr.ac6.mcu.externaltools.arm-none.win32_1.12.0.201611241417/tools/compiler/bin/../lib/gcc/arm-none-eabi/5.4.1/armv7-m\libgcc.a
LOAD d:/projects/ac6/systemworkbench/plugins/fr.ac6.mcu.externaltools.arm-none.win32_1.12.0.201611241417/tools/compiler/bin/../lib/gcc/arm-none-eabi/5.4.1/../../../../arm-none-eabi/lib/armv7-m\libg.a
LOAD d:/projects/ac6/systemworkbench/plugins/fr.ac6.mcu.externaltools.arm-none.win32_1.12.0.201611241417/tools/compiler/bin/../lib/gcc/arm-none-eabi/5.4.1/../../../../arm-none-eabi/lib/armv7-m\libc.a
END GROUP
LOAD d:/projects/ac6/systemworkbench/plugins/fr.ac6.mcu.externaltools.arm-none.win32_1.12.0.201611241417/tools/compiler/bin/../lib/gcc/arm-none-eabi/5.4.1/armv7-m/crtend.o
LOAD d:/projects/ac6/systemworkbench/plugins/fr.ac6.mcu.externaltools.arm-none.win32_1.12.0.201611241417/tools/compiler/bin/../lib/gcc/arm-none-eabi/5.4.1/armv7-m/crtn.o
OUTPUT(coocox_stm32_tft.elf elf32-littlearm)

.debug_info     0x00000000    0x13139
 .debug_info    0x00000000      0x267 ..\obj\event_queue.o
 .debug_info    0x00000267      0xb29 ..\obj\stm32f1xx_hal_cortex.o
 .debug_info    0x00000d90      0xea7 ..\obj\stm32f1xx_hal_tim_ex.o
 .debug_info    0x00001c37      0x55f ..\obj\stm32f1xx_hal_rcc_ex.o
 .debug_info    0x00002196       0xec ..\obj\startup_stm32f103xe.o
 .debug_info    0x00002282      0x64d ..\obj\stm32f1xx_hal.o
 .debug_info    0x000028cf      0x3e8 ..\obj\system_stm32f1xx.o
 .debug_info    0x00002cb7      0x3c9 ..\obj\usbd_storage_if.o
 .debug_info    0x00003080     0x1077 ..\obj\main.o
 .debug_info    0x000040f7      0x9c3 ..\obj\stm32f1xx_hal_sram.o
 .debug_info    0x00004aba      0xe3f ..\obj\stm32f1xx_hal_rtc.o
 .debug_info    0x000058f9      0x58c ..\obj\stm32f1xx_hal_dma.o
 .debug_info    0x00005e85      0x5f9 ..\obj\stm32f1xx_hal_gpio.o
 .debug_info    0x0000647e      0x385 ..\obj\usbd_desc.o
 .debug_info    0x00006803      0x479 ..\obj\timer.o
 .debug_info    0x00006c7c      0xcba ..\obj\stm32f1xx_hal_pcd.o
 .debug_info    0x00007936      0x9b9 ..\obj\stm32f1xx_it.o
 .debug_info    0x000082ef     0x1494 ..\obj\usbd_conf.o
 .debug_info    0x00009783      0x66f ..\obj\usbd_ioreq.o
 .debug_info    0x00009df2      0x5e9 ..\obj\usb_device.o
 .debug_info    0x0000a3db      0x86f ..\obj\usbd_ctlreq.o
 .debug_info    0x0000ac4a      0x90e ..\obj\usbd_core.o
 .debug_info    0x0000b558      0x5a6 ..\obj\stm32f1xx_hal_pcd_ex.o
 .debug_info    0x0000bafe      0xe68 ..\obj\stm32f1xx_ll_usb.o
 .debug_info    0x0000c966      0xe34 ..\obj\stm32f1xx_hal_msp.o
 .debug_info    0x0000d79a      0xff3 ..\obj\stm32f1xx_ll_fsmc.o
 .debug_info    0x0000e78d     0x210a ..\obj\stm32f1xx_hal_tim.o
 .debug_info    0x00010897      0x24b ..\obj\lcd.o
 .debug_info    0x00010ae2      0x79e ..\obj\stm32f1xx_hal_pwr.o
 .debug_info    0x00011280      0xabc ..\obj\usbd_msc.o
 .debug_info    0x00011d3c     0x13fd ..\obj\stm32f1xx_hal_rcc.o

.debug_abbrev   0x00000000     0x3458
 .debug_abbrev  0x00000000      0x11f ..\obj\event_queue.o
 .debug_abbrev  0x0000011f      0x273 ..\obj\stm32f1xx_hal_cortex.o
 .debug_abbrev  0x00000392      0x202 ..\obj\stm32f1xx_hal_tim_ex.o
 .debug_abbrev  0x00000594      0x1ee ..\obj\stm32f1xx_hal_rcc_ex.o
 .debug_abbrev  0x00000782       0x12 ..\obj\startup_stm32f103xe.o
 .debug_abbrev  0x00000794      0x1fb ..\obj\stm32f1xx_hal.o
 .debug_abbrev  0x0000098f      0x125 ..\obj\system_stm32f1xx.o
 .debug_abbrev  0x00000ab4      0x135 ..\obj\usbd_storage_if.o
 .debug_abbrev  0x00000be9      0x239 ..\obj\main.o
 .debug_abbrev  0x00000e22      0x19a ..\obj\stm32f1xx_hal_sram.o
 .debug_abbrev  0x00000fbc      0x210 ..\obj\stm32f1xx_hal_rtc.o
 .debug_abbrev  0x000011cc      0x1b8 ..\obj\stm32f1xx_hal_dma.o
 .debug_abbrev  0x00001384      0x1af ..\obj\stm32f1xx_hal_gpio.o
 .debug_abbrev  0x00001533      0x13f ..\obj\usbd_desc.o
 .debug_abbrev  0x00001672      0x126 ..\obj\timer.o
 .debug_abbrev  0x00001798      0x235 ..\obj\stm32f1xx_hal_pcd.o
 .debug_abbrev  0x000019cd      0x17a ..\obj\stm32f1xx_it.o
 .debug_abbrev  0x00001b47      0x245 ..\obj\usbd_conf.o
 .debug_abbrev  0x00001d8c      0x130 ..\obj\usbd_ioreq.o
 .debug_abbrev  0x00001ebc      0x139 ..\obj\usb_device.o
 .debug_abbrev  0x00001ff5      0x1f0 ..\obj\usbd_ctlreq.o
 .debug_abbrev  0x000021e5      0x1c0 ..\obj\usbd_core.o
 .debug_abbrev  0x000023a5      0x15f ..\obj\stm32f1xx_hal_pcd_ex.o
 .debug_abbrev  0x00002504      0x191 ..\obj\stm32f1xx_ll_usb.o
 .debug_abbrev  0x00002695      0x231 ..\obj\stm32f1xx_hal_msp.o
 .debug_abbrev  0x000028c6      0x1af ..\obj\stm32f1xx_ll_fsmc.o
 .debug_abbrev  0x00002a75      0x20b ..\obj\stm32f1xx_hal_tim.o
 .debug_abbrev  0x00002c80      0x147 ..\obj\lcd.o
 .debug_abbrev  0x00002dc7      0x228 ..\obj\stm32f1xx_hal_pwr.o
 .debug_abbrev  0x00002fef      0x1f0 ..\obj\usbd_msc.o
 .debug_abbrev  0x000031df      0x279 ..\obj\stm32f1xx_hal_rcc.o

.debug_aranges  0x00000000      0x3e8
 .debug_aranges
                0x00000000       0x20 ..\obj\event_queue.o
 .debug_aranges
                0x00000020       0x20 ..\obj\stm32f1xx_hal_cortex.o
 .debug_aranges
                0x00000040       0x20 ..\obj\stm32f1xx_hal_tim_ex.o
 .debug_aranges
                0x00000060       0x20 ..\obj\stm32f1xx_hal_rcc_ex.o
 .debug_aranges
                0x00000080       0x28 ..\obj\startup_stm32f103xe.o
 .debug_aranges
                0x000000a8       0x20 ..\obj\stm32f1xx_hal.o
 .debug_aranges
                0x000000c8       0x20 ..\obj\system_stm32f1xx.o
 .debug_aranges
                0x000000e8       0x20 ..\obj\usbd_storage_if.o
 .debug_aranges
                0x00000108       0x20 ..\obj\main.o
 .debug_aranges
                0x00000128       0x20 ..\obj\stm32f1xx_hal_sram.o
 .debug_aranges
                0x00000148       0x20 ..\obj\stm32f1xx_hal_rtc.o
 .debug_aranges
                0x00000168       0x20 ..\obj\stm32f1xx_hal_dma.o
 .debug_aranges
                0x00000188       0x20 ..\obj\stm32f1xx_hal_gpio.o
 .debug_aranges
                0x000001a8       0x20 ..\obj\usbd_desc.o
 .debug_aranges
                0x000001c8       0x20 ..\obj\timer.o
 .debug_aranges
                0x000001e8       0x20 ..\obj\stm32f1xx_hal_pcd.o
 .debug_aranges
                0x00000208       0x20 ..\obj\stm32f1xx_it.o
 .debug_aranges
                0x00000228       0x20 ..\obj\usbd_conf.o
 .debug_aranges
                0x00000248       0x20 ..\obj\usbd_ioreq.o
 .debug_aranges
                0x00000268       0x20 ..\obj\usb_device.o
 .debug_aranges
                0x00000288       0x20 ..\obj\usbd_ctlreq.o
 .debug_aranges
                0x000002a8       0x20 ..\obj\usbd_core.o
 .debug_aranges
                0x000002c8       0x20 ..\obj\stm32f1xx_hal_pcd_ex.o
 .debug_aranges
                0x000002e8       0x20 ..\obj\stm32f1xx_ll_usb.o
 .debug_aranges
                0x00000308       0x20 ..\obj\stm32f1xx_hal_msp.o
 .debug_aranges
                0x00000328       0x20 ..\obj\stm32f1xx_ll_fsmc.o
 .debug_aranges
                0x00000348       0x20 ..\obj\stm32f1xx_hal_tim.o
 .debug_aranges
                0x00000368       0x20 ..\obj\lcd.o
 .debug_aranges
                0x00000388       0x20 ..\obj\stm32f1xx_hal_pwr.o
 .debug_aranges
                0x000003a8       0x20 ..\obj\usbd_msc.o
 .debug_aranges
                0x000003c8       0x20 ..\obj\stm32f1xx_hal_rcc.o

.debug_macro    0x00000000    0x1f8ba
 .debug_macro   0x00000000      0x11f ..\obj\event_queue.o
 .debug_macro   0x0000011f      0x880 ..\obj\event_queue.o
 .debug_macro   0x0000099f      0x174 ..\obj\event_queue.o
 .debug_macro   0x00000b13       0x22 ..\obj\event_queue.o
 .debug_macro   0x00000b35       0x4c ..\obj\event_queue.o
 .debug_macro   0x00000b81       0x8d ..\obj\event_queue.o
 .debug_macro   0x00000c0e       0x35 ..\obj\event_queue.o
 .debug_macro   0x00000c43       0x9c ..\obj\event_queue.o
 .debug_macro   0x00000cdf       0x4a ..\obj\event_queue.o
 .debug_macro   0x00000d29       0x52 ..\obj\event_queue.o
 .debug_macro   0x00000d7b       0x1f ..\obj\event_queue.o
 .debug_macro   0x00000d9a       0x43 ..\obj\event_queue.o
 .debug_macro   0x00000ddd       0x20 ..\obj\event_queue.o
 .debug_macro   0x00000dfd      0x187 ..\obj\event_queue.o
 .debug_macro   0x00000f84      0x30d ..\obj\event_queue.o
 .debug_macro   0x00001291       0x10 ..\obj\event_queue.o
 .debug_macro   0x000012a1       0x35 ..\obj\event_queue.o
 .debug_macro   0x000012d6       0xfd ..\obj\event_queue.o
 .debug_macro   0x000013d3       0x5e ..\obj\event_queue.o
 .debug_macro   0x00001431      0x1df ..\obj\event_queue.o
 .debug_macro   0x00001610      0x31c ..\obj\stm32f1xx_hal_cortex.o
 .debug_macro   0x0000192c       0x3a ..\obj\stm32f1xx_hal_cortex.o
 .debug_macro   0x00001966      0x16d ..\obj\stm32f1xx_hal_cortex.o
 .debug_macro   0x00001ad3       0x2e ..\obj\stm32f1xx_hal_cortex.o
 .debug_macro   0x00001b01       0x22 ..\obj\stm32f1xx_hal_cortex.o
 .debug_macro   0x00001b23       0x87 ..\obj\stm32f1xx_hal_cortex.o
 .debug_macro   0x00001baa       0x44 ..\obj\stm32f1xx_hal_cortex.o
 .debug_macro   0x00001bee       0x34 ..\obj\stm32f1xx_hal_cortex.o
 .debug_macro   0x00001c22       0x34 ..\obj\stm32f1xx_hal_cortex.o
 .debug_macro   0x00001c56      0xb8e ..\obj\stm32f1xx_hal_cortex.o
 .debug_macro   0x000027e4    0x1075d ..\obj\stm32f1xx_hal_cortex.o
 .debug_macro   0x00012f41       0x43 ..\obj\stm32f1xx_hal_cortex.o
 .debug_macro   0x00012f84     0x3383 ..\obj\stm32f1xx_hal_cortex.o
 .debug_macro   0x00016307       0x52 ..\obj\stm32f1xx_hal_cortex.o
 .debug_macro   0x00016359       0x16 ..\obj\stm32f1xx_hal_cortex.o
 .debug_macro   0x0001636f       0x97 ..\obj\stm32f1xx_hal_cortex.o
 .debug_macro   0x00016406       0xfd ..\obj\stm32f1xx_hal_cortex.o
 .debug_macro   0x00016503       0x10 ..\obj\stm32f1xx_hal_cortex.o
 .debug_macro   0x00016513       0x10 ..\obj\stm32f1xx_hal_cortex.o
 .debug_macro   0x00016523       0x1c ..\obj\stm32f1xx_hal_cortex.o
 .debug_macro   0x0001653f       0x52 ..\obj\stm32f1xx_hal_cortex.o
 .debug_macro   0x00016591       0x40 ..\obj\stm32f1xx_hal_cortex.o
 .debug_macro   0x000165d1       0x10 ..\obj\stm32f1xx_hal_cortex.o
 .debug_macro   0x000165e1       0x40 ..\obj\stm32f1xx_hal_cortex.o
 .debug_macro   0x00016621       0xd7 ..\obj\stm32f1xx_hal_cortex.o
 .debug_macro   0x000166f8       0x16 ..\obj\stm32f1xx_hal_cortex.o
 .debug_macro   0x0001670e      0x189 ..\obj\stm32f1xx_hal_cortex.o
 .debug_macro   0x00016897       0x50 ..\obj\stm32f1xx_hal_cortex.o
 .debug_macro   0x000168e7      0x778 ..\obj\stm32f1xx_hal_cortex.o
 .debug_macro   0x0001705f      0x4d7 ..\obj\stm32f1xx_hal_cortex.o
 .debug_macro   0x00017536      0x141 ..\obj\stm32f1xx_hal_cortex.o
 .debug_macro   0x00017677      0x1cf ..\obj\stm32f1xx_hal_cortex.o
 .debug_macro   0x00017846      0x1ae ..\obj\stm32f1xx_hal_cortex.o
 .debug_macro   0x000179f4       0x2a ..\obj\stm32f1xx_hal_cortex.o
 .debug_macro   0x00017a1e       0x3c ..\obj\stm32f1xx_hal_cortex.o
 .debug_macro   0x00017a5a       0x57 ..\obj\stm32f1xx_hal_cortex.o
 .debug_macro   0x00017ab1       0x8c ..\obj\stm32f1xx_hal_cortex.o
 .debug_macro   0x00017b3d      0x250 ..\obj\stm32f1xx_hal_cortex.o
 .debug_macro   0x00017d8d      0x328 ..\obj\stm32f1xx_hal_cortex.o
 .debug_macro   0x000180b5      0x143 ..\obj\stm32f1xx_hal_cortex.o
 .debug_macro   0x000181f8      0x1ef ..\obj\stm32f1xx_hal_cortex.o
 .debug_macro   0x000183e7      0x1d2 ..\obj\stm32f1xx_hal_cortex.o
 .debug_macro   0x000185b9      0x83e ..\obj\stm32f1xx_hal_cortex.o
 .debug_macro   0x00018df7       0x11 ..\obj\stm32f1xx_hal_cortex.o
 .debug_macro   0x00018e08       0x50 ..\obj\stm32f1xx_hal_cortex.o
 .debug_macro   0x00018e58      0x26c ..\obj\stm32f1xx_hal_cortex.o
 .debug_macro   0x000190c4       0xae ..\obj\stm32f1xx_hal_cortex.o
 .debug_macro   0x00019172      0x31c ..\obj\stm32f1xx_hal_tim_ex.o
 .debug_macro   0x0001948e      0x31c ..\obj\stm32f1xx_hal_rcc_ex.o
 .debug_macro   0x000197aa      0x340 ..\obj\stm32f1xx_hal.o
 .debug_macro   0x00019aea      0x322 ..\obj\system_stm32f1xx.o
 .debug_macro   0x00019e0c      0x3f6 ..\obj\usbd_storage_if.o
 .debug_macro   0x0001a202       0x16 ..\obj\usbd_storage_if.o
 .debug_macro   0x0001a218       0x16 ..\obj\usbd_storage_if.o
 .debug_macro   0x0001a22e       0x29 ..\obj\usbd_storage_if.o
 .debug_macro   0x0001a257       0x16 ..\obj\usbd_storage_if.o
 .debug_macro   0x0001a26d      0x1c3 ..\obj\usbd_storage_if.o
 .debug_macro   0x0001a430       0x65 ..\obj\usbd_storage_if.o
 .debug_macro   0x0001a495       0x88 ..\obj\usbd_storage_if.o
 .debug_macro   0x0001a51d      0x160 ..\obj\usbd_storage_if.o
 .debug_macro   0x0001a67d       0x34 ..\obj\usbd_storage_if.o
 .debug_macro   0x0001a6b1      0x3b4 ..\obj\main.o
 .debug_macro   0x0001aa65      0x15a ..\obj\main.o
 .debug_macro   0x0001abbf      0x31c ..\obj\stm32f1xx_hal_sram.o
 .debug_macro   0x0001aedb      0x32b ..\obj\stm32f1xx_hal_rtc.o
 .debug_macro   0x0001b206      0x322 ..\obj\stm32f1xx_hal_dma.o
 .debug_macro   0x0001b528      0x38c ..\obj\stm32f1xx_hal_gpio.o
 .debug_macro   0x0001b8b4      0x3e9 ..\obj\usbd_desc.o
 .debug_macro   0x0001bc9d      0x330 ..\obj\timer.o
 .debug_macro   0x0001bfcd       0x3a ..\obj\timer.o
 .debug_macro   0x0001c007      0x328 ..\obj\stm32f1xx_hal_pcd.o
 .debug_macro   0x0001c32f      0x330 ..\obj\stm32f1xx_it.o
 .debug_macro   0x0001c65f      0x3da ..\obj\usbd_conf.o
 .debug_macro   0x0001ca39       0x8e ..\obj\usbd_conf.o
 .debug_macro   0x0001cac7      0x3ab ..\obj\usbd_ioreq.o
 .debug_macro   0x0001ce72      0x3f8 ..\obj\usb_device.o
 .debug_macro   0x0001d26a      0x3af ..\obj\usbd_ctlreq.o
 .debug_macro   0x0001d619      0x3af ..\obj\usbd_core.o
 .debug_macro   0x0001d9c8      0x31c ..\obj\stm32f1xx_hal_pcd_ex.o
 .debug_macro   0x0001dce4      0x31c ..\obj\stm32f1xx_ll_usb.o
 .debug_macro   0x0001e000      0x31c ..\obj\stm32f1xx_hal_msp.o
 .debug_macro   0x0001e31c      0x34f ..\obj\stm32f1xx_ll_fsmc.o
 .debug_macro   0x0001e66b      0x31d ..\obj\stm32f1xx_hal_tim.o
 .debug_macro   0x0001e988      0x335 ..\obj\lcd.o
 .debug_macro   0x0001ecbd      0x37c ..\obj\stm32f1xx_hal_pwr.o
 .debug_macro   0x0001f039      0x3ed ..\obj\usbd_msc.o
 .debug_macro   0x0001f426      0x154 ..\obj\usbd_msc.o
 .debug_macro   0x0001f57a      0x340 ..\obj\stm32f1xx_hal_rcc.o

.debug_line     0x00000000    0x14592
 .debug_line    0x00000000      0x3e9 ..\obj\event_queue.o
 .debug_line    0x000003e9      0x984 ..\obj\stm32f1xx_hal_cortex.o
 .debug_line    0x00000d6d      0xc27 ..\obj\stm32f1xx_hal_tim_ex.o
 .debug_line    0x00001994      0x9a9 ..\obj\stm32f1xx_hal_rcc_ex.o
 .debug_line    0x0000233d       0xdb ..\obj\startup_stm32f103xe.o
 .debug_line    0x00002418      0x8eb ..\obj\stm32f1xx_hal.o
 .debug_line    0x00002d03      0x88c ..\obj\system_stm32f1xx.o
 .debug_line    0x0000358f      0xa17 ..\obj\usbd_storage_if.o
 .debug_line    0x00003fa6      0xa00 ..\obj\main.o
 .debug_line    0x000049a6      0xabb ..\obj\stm32f1xx_hal_sram.o
 .debug_line    0x00005461      0xb8c ..\obj\stm32f1xx_hal_rtc.o
 .debug_line    0x00005fed     0x16e0 ..\obj\stm32f1xx_hal_dma.o
 .debug_line    0x000076cd      0xa27 ..\obj\stm32f1xx_hal_gpio.o
 .debug_line    0x000080f4      0x97d ..\obj\usbd_desc.o
 .debug_line    0x00008a71      0x8f9 ..\obj\timer.o
 .debug_line    0x0000936a      0xba4 ..\obj\stm32f1xx_hal_pcd.o
 .debug_line    0x00009f0e      0x8aa ..\obj\stm32f1xx_it.o
 .debug_line    0x0000a7b8      0xb15 ..\obj\usbd_conf.o
 .debug_line    0x0000b2cd      0x999 ..\obj\usbd_ioreq.o
 .debug_line    0x0000bc66      0xa13 ..\obj\usb_device.o
 .debug_line    0x0000c679      0xaff ..\obj\usbd_ctlreq.o
 .debug_line    0x0000d178      0xa57 ..\obj\usbd_core.o
 .debug_line    0x0000dbcf      0x88b ..\obj\stm32f1xx_hal_pcd_ex.o
 .debug_line    0x0000e45a      0xb58 ..\obj\stm32f1xx_ll_usb.o
 .debug_line    0x0000efb2      0x8be ..\obj\stm32f1xx_hal_msp.o
 .debug_line    0x0000f870      0xb50 ..\obj\stm32f1xx_ll_fsmc.o
 .debug_line    0x000103c0     0x13fe ..\obj\stm32f1xx_hal_tim.o
 .debug_line    0x000117be      0x8cd ..\obj\lcd.o
 .debug_line    0x0001208b      0x965 ..\obj\stm32f1xx_hal_pwr.o
 .debug_line    0x000129f0      0xb31 ..\obj\usbd_msc.o
 .debug_line    0x00013521     0x1071 ..\obj\stm32f1xx_hal_rcc.o

.debug_str      0x00000000    0xa0c26
 .debug_str     0x00000000     0x5cbb ..\obj\event_queue.o
                               0x5ed3 (size before relaxing)
 .debug_str     0x00005cbb    0x93ed7 ..\obj\stm32f1xx_hal_cortex.o
                              0x9a00a (size before relaxing)
 .debug_str     0x00099b92      0x923 ..\obj\stm32f1xx_hal_tim_ex.o
                              0x9a1cc (size before relaxing)
 .debug_str     0x0009a4b5      0x21e ..\obj\stm32f1xx_hal_rcc_ex.o
                              0x99a4e (size before relaxing)
 .debug_str     0x0009a6d3      0x2a6 ..\obj\stm32f1xx_hal.o
                              0x99fb3 (size before relaxing)
 .debug_str     0x0009a979       0xbc ..\obj\system_stm32f1xx.o
                              0x9993c (size before relaxing)
 .debug_str     0x0009aa35     0x136c ..\obj\usbd_storage_if.o
                              0x9abbb (size before relaxing)
 .debug_str     0x0009bda1      0xaa0 ..\obj\main.o
                              0x9b62f (size before relaxing)
 .debug_str     0x0009c841      0x211 ..\obj\stm32f1xx_hal_sram.o
                              0x99e27 (size before relaxing)
 .debug_str     0x0009ca52      0x49a ..\obj\stm32f1xx_hal_rtc.o
                              0x99e67 (size before relaxing)
 .debug_str     0x0009ceec      0x1a3 ..\obj\stm32f1xx_hal_dma.o
                              0x99b88 (size before relaxing)
 .debug_str     0x0009d08f      0x3e1 ..\obj\stm32f1xx_hal_gpio.o
                              0x99d0b (size before relaxing)
 .debug_str     0x0009d470      0x37c ..\obj\usbd_desc.o
                              0x9a56e (size before relaxing)
 .debug_str     0x0009d7ec      0x113 ..\obj\timer.o
                              0x99d40 (size before relaxing)
 .debug_str     0x0009d8ff      0x647 ..\obj\stm32f1xx_hal_pcd.o
                              0x99f4a (size before relaxing)
 .debug_str     0x0009df46       0xf3 ..\obj\stm32f1xx_it.o
                              0x99f62 (size before relaxing)
 .debug_str     0x0009e039      0x391 ..\obj\usbd_conf.o
                              0x9b7db (size before relaxing)
 .debug_str     0x0009e3ca       0xf8 ..\obj\usbd_ioreq.o
                              0x9a6b0 (size before relaxing)
 .debug_str     0x0009e4c2       0x63 ..\obj\usb_device.o
                              0x9ae5d (size before relaxing)
 .debug_str     0x0009e525      0x162 ..\obj\usbd_ctlreq.o
                              0x9a728 (size before relaxing)
 .debug_str     0x0009e687      0x1d2 ..\obj\usbd_core.o
                              0x9a7a2 (size before relaxing)
 .debug_str     0x0009e859       0x86 ..\obj\stm32f1xx_hal_pcd_ex.o
                              0x99bb8 (size before relaxing)
 .debug_str     0x0009e8df      0x2f7 ..\obj\stm32f1xx_ll_usb.o
                              0x99d8b (size before relaxing)
 .debug_str     0x0009ebd6       0xc8 ..\obj\stm32f1xx_hal_msp.o
                              0x9a3e8 (size before relaxing)
 .debug_str     0x0009ec9e      0x7f6 ..\obj\stm32f1xx_ll_fsmc.o
                              0x9a215 (size before relaxing)
 .debug_str     0x0009f494      0xc1d ..\obj\stm32f1xx_hal_tim.o
                              0x9a937 (size before relaxing)
 .debug_str     0x000a00b1       0xb3 ..\obj\lcd.o
                              0x99e21 (size before relaxing)
 .debug_str     0x000a0164      0x575 ..\obj\stm32f1xx_hal_pwr.o
                              0x99e58 (size before relaxing)
 .debug_str     0x000a06d9      0x2a4 ..\obj\usbd_msc.o
                              0x9b5ef (size before relaxing)
 .debug_str     0x000a097d      0x2a9 ..\obj\stm32f1xx_hal_rcc.o
                              0x99d45 (size before relaxing)

.comment        0x00000000       0x6e
 .comment       0x00000000       0x6e ..\obj\event_queue.o
                                 0x6f (size before relaxing)
 .comment       0x0000006e       0x6f ..\obj\stm32f1xx_hal_cortex.o
 .comment       0x0000006e       0x6f ..\obj\stm32f1xx_hal_tim_ex.o
 .comment       0x0000006e       0x6f ..\obj\stm32f1xx_hal_rcc_ex.o
 .comment       0x0000006e       0x6f ..\obj\stm32f1xx_hal.o
 .comment       0x0000006e       0x6f ..\obj\system_stm32f1xx.o
 .comment       0x0000006e       0x6f ..\obj\usbd_storage_if.o
 .comment       0x0000006e       0x6f ..\obj\main.o
 .comment       0x0000006e       0x6f ..\obj\stm32f1xx_hal_sram.o
 .comment       0x0000006e       0x6f ..\obj\stm32f1xx_hal_rtc.o
 .comment       0x0000006e       0x6f ..\obj\stm32f1xx_hal_dma.o
 .comment       0x0000006e       0x6f ..\obj\stm32f1xx_hal_gpio.o
 .comment       0x0000006e       0x6f ..\obj\usbd_desc.o
 .comment       0x0000006e       0x6f ..\obj\timer.o
 .comment       0x0000006e       0x6f ..\obj\stm32f1xx_hal_pcd.o
 .comment       0x0000006e       0x6f ..\obj\stm32f1xx_it.o
 .comment       0x0000006e       0x6f ..\obj\usbd_conf.o
 .comment       0x0000006e       0x6f ..\obj\usbd_ioreq.o
 .comment       0x0000006e       0x6f ..\obj\usb_device.o
 .comment       0x0000006e       0x6f ..\obj\usbd_ctlreq.o
 .comment       0x0000006e       0x6f ..\obj\usbd_core.o
 .comment       0x0000006e       0x6f ..\obj\stm32f1xx_hal_pcd_ex.o
 .comment       0x0000006e       0x6f ..\obj\stm32f1xx_ll_usb.o
 .comment       0x0000006e       0x6f ..\obj\stm32f1xx_hal_msp.o
 .comment       0x0000006e       0x6f ..\obj\stm32f1xx_ll_fsmc.o
 .comment       0x0000006e       0x6f ..\obj\stm32f1xx_hal_tim.o
 .comment       0x0000006e       0x6f ..\obj\lcd.o
 .comment       0x0000006e       0x6f ..\obj\stm32f1xx_hal_pwr.o
 .comment       0x0000006e       0x6f ..\obj\usbd_msc.o
 .comment       0x0000006e       0x6f ..\obj\stm32f1xx_hal_rcc.o

.debug_frame    0x00000000     0x4c74
 .debug_frame   0x00000000       0xa4 ..\obj\event_queue.o
 .debug_frame   0x000000a4      0x428 ..\obj\stm32f1xx_hal_cortex.o
 .debug_frame   0x000004cc      0x54c ..\obj\stm32f1xx_hal_tim_ex.o
 .debug_frame   0x00000a18       0x84 ..\obj\stm32f1xx_hal_rcc_ex.o
 .debug_frame   0x00000a9c      0x278 ..\obj\stm32f1xx_hal.o
 .debug_frame   0x00000d14       0x58 ..\obj\system_stm32f1xx.o
 .debug_frame   0x00000d6c      0x120 ..\obj\usbd_storage_if.o
 .debug_frame   0x00000e8c       0xf4 ..\obj\main.o
 .debug_frame   0x00000f80      0x2a0 ..\obj\stm32f1xx_hal_sram.o
 .debug_frame   0x00001220      0x438 ..\obj\stm32f1xx_hal_rtc.o
 .debug_frame   0x00001658      0x194 ..\obj\stm32f1xx_hal_dma.o
 .debug_frame   0x000017ec      0x14c ..\obj\stm32f1xx_hal_gpio.o
 .debug_frame   0x00001938      0x114 ..\obj\usbd_desc.o
 .debug_frame   0x00001a4c       0xe8 ..\obj\timer.o
 .debug_frame   0x00001b34      0x4fc ..\obj\stm32f1xx_hal_pcd.o
 .debug_frame   0x00002030      0x15c ..\obj\stm32f1xx_it.o
 .debug_frame   0x0000218c      0x47c ..\obj\usbd_conf.o
 .debug_frame   0x00002608      0x10c ..\obj\usbd_ioreq.o
 .debug_frame   0x00002714       0x2c ..\obj\usb_device.o
 .debug_frame   0x00002740      0x210 ..\obj\usbd_ctlreq.o
 .debug_frame   0x00002950      0x300 ..\obj\usbd_core.o
 .debug_frame   0x00002c50       0x60 ..\obj\stm32f1xx_hal_pcd_ex.o
 .debug_frame   0x00002cb0      0x4b0 ..\obj\stm32f1xx_ll_usb.o
 .debug_frame   0x00003160      0x150 ..\obj\stm32f1xx_hal_msp.o
 .debug_frame   0x000032b0      0x2e0 ..\obj\stm32f1xx_ll_fsmc.o
 .debug_frame   0x00003590      0xfb4 ..\obj\stm32f1xx_hal_tim.o
 .debug_frame   0x00004544       0xf8 ..\obj\lcd.o
 .debug_frame   0x0000463c      0x290 ..\obj\stm32f1xx_hal_pwr.o
 .debug_frame   0x000048cc      0x18c ..\obj\usbd_msc.o
 .debug_frame   0x00004a58      0x21c ..\obj\stm32f1xx_hal_rcc.o

.debug_ranges   0x00000000       0x20
 .debug_ranges  0x00000000       0x20 ..\obj\startup_stm32f103xe.o
